===== [cfg_init] cfg_initiate
rs.initiate({
  _id: "cfgrs",
  configsvr: true,
  members: [
    { _id: 0, host: "cfgsvr1:27019" },
    { _id: 1, host: "cfgsvr2:27019" },
    { _id: 2, host: "cfgsvr3:27019" }
  ]
})
----->
{
  ok: 1,
  '$clusterTime': {
    clusterTime: Timestamp({ t: 1791185707, i: 1 }),
    signature: {
      hash: Binary.createFromBase64('AAAAAAAAAAAAAAAAAAAAAAAAAAA=', 0),
      keyId: Long('0')
    }
  },
  operationTime: Timestamp({ t: 1791185707, i: 1 })
}

===== [shard1_init] shard1_initiate
rs.initiate({
  _id: "shard1rs",
  members: [
    { _id: 0, host: "shard1a:27018", priority: 2 },
    { _id: 1, host: "shard1b:27018" },
    { _id: 2, host: "shard1c:27018" }
  ]
})
----->
{
  ok: 1,
  '$clusterTime': {
    clusterTime: Timestamp({ t: 1791185708, i: 1 }),
    signature: {
      hash: Binary.createFromBase64('AAAAAAAAAAAAAAAAAAAAAAAAAAA=', 0),
      keyId: Long('0')
    }
  },
  operationTime: Timestamp({ t: 1791185708, i: 1 })
}

===== [shard2_init] shard2_initiate
rs.initiate({
  _id: "shard2rs",
  members: [
    { _id: 0, host: "shard2a:27018", priority: 2 },
    { _id: 1, host: "shard2b:27018" },
    { _id: 2, host: "shard2c:27018" }
  ]
})
----->
{
  ok: 1,
  '$clusterTime': {
    clusterTime: Timestamp({ t: 1791185709, i: 1 }),
    signature: {
      hash: Binary.createFromBase64('AAAAAAAAAAAAAAAAAAAAAAAAAAA=', 0),
      keyId: Long('0')
    }
  },
  operationTime: Timestamp({ t: 1791185709, i: 1 })
}

===== [shard2_init] _wait
sleep(15000)
----->


===== [shell] _restart_mongos
docker restart mongos > /dev/null && sleep 10 && echo ok
----->
ok

===== [mongos_setup] add_shard1
sh.addShard("shard1rs/shard1a:27018,shard1b:27018,shard1c:27018")
----->
{
  shardAdded: 'shard1rs',
  ok: 1,
  '$clusterTime': {
    clusterTime: Timestamp({ t: 1791185739, i: 20 }),
    signature: {
      hash: Binary.createFromBase64('AAAAAAAAAAAAAAAAAAAAAAAAAAA=', 0),
      keyId: Long('0')
    }
  },
  operationTime: Timestamp({ t: 1791185739, i: 20 })
}

===== [mongos_setup] add_shard2
sh.addShard("shard2rs/shard2a:27018,shard2b:27018,shard2c:27018")
----->
{
  shardAdded: 'shard2rs',
  ok: 1,
  '$clusterTime': {
    clusterTime: Timestamp({ t: 1791185739, i: 43 }),
    signature: {
      hash: Binary.createFromBase64('AAAAAAAAAAAAAAAAAAAAAAAAAAA=', 0),
      keyId: Long('0')
    }
  },
  operationTime: Timestamp({ t: 1791185739, i: 37 })
}

===== [mongos_setup] list_shards
db.adminCommand({ listShards: 1 }).shards.map(s => ({ _id: s._id, host: s.host, state: s.state }))
----->
[
  {
    _id: 'shard1rs',
    host: 'shard1rs/shard1a:27018,shard1b:27018,shard1c:27018',
    state: 1
  },
  {
    _id: 'shard2rs',
    host: 'shard2rs/shard2a:27018,shard2b:27018,shard2c:27018',
    state: 1
  }
]

===== [mongos_setup] use_db
use QLThietBi
----->
switched to db QLThietBi

===== [mongos_setup] enable_sharding
sh.enableSharding("QLThietBi", "shard1rs")
----->
{
  ok: 1,
  '$clusterTime': {
    clusterTime: Timestamp({ t: 1791185739, i: 51 }),
    signature: {
      hash: Binary.createFromBase64('AAAAAAAAAAAAAAAAAAAAAAAAAAA=', 0),
      keyId: Long('0')
    }
  },
  operationTime: Timestamp({ t: 1791185739, i: 48 })
}

===== [mongos_setup] create_products
db.createCollection("products", {
  validator: {
    $jsonSchema: {
      bsonType: "object",
      required: ["maker", "model", "type"],
      properties: {
        maker: { bsonType: "string" },
        model: { bsonType: "number" },
        type:  { enum: ["pc", "laptop", "printer"] },
        price: { bsonType: "number", minimum: 0 },
        specs: { bsonType: "object" }
      }
    }
  }
})
----->
{ ok: 1 }

===== [mongos_setup] zone_add
sh.addShardToZone("shard1rs", "NSX_A_D");
sh.addShardToZone("shard2rs", "NSX_E_H")
----->
{
  ok: 1,
  '$clusterTime': {
    clusterTime: Timestamp({ t: 1791185739, i: 55 }),
    signature: {
      hash: Binary.createFromBase64('AAAAAAAAAAAAAAAAAAAAAAAAAAA=', 0),
      keyId: Long('0')
    }
  },
  operationTime: Timestamp({ t: 1791185739, i: 55 })
}

===== [mongos_setup] zone_range1
sh.updateZoneKeyRange(
  "QLThietBi.products",
  { maker: MinKey, model: MinKey },
  { maker: "E", model: MinKey },
  "NSX_A_D"
)
----->
{
  ok: 1,
  '$clusterTime': {
    clusterTime: Timestamp({ t: 1791185739, i: 56 }),
    signature: {
      hash: Binary.createFromBase64('AAAAAAAAAAAAAAAAAAAAAAAAAAA=', 0),
      keyId: Long('0')
    }
  },
  operationTime: Timestamp({ t: 1791185739, i: 56 })
}

===== [mongos_setup] zone_range2
sh.updateZoneKeyRange(
  "QLThietBi.products",
  { maker: "E", model: MinKey },
  { maker: MaxKey, model: MaxKey },
  "NSX_E_H"
)
----->
{
  ok: 1,
  '$clusterTime': {
    clusterTime: Timestamp({ t: 1791185739, i: 57 }),
    signature: {
      hash: Binary.createFromBase64('AAAAAAAAAAAAAAAAAAAAAAAAAAA=', 0),
      keyId: Long('0')
    }
  },
  operationTime: Timestamp({ t: 1791185739, i: 57 })
}

===== [mongos_setup] shard_index
db.products.createIndex({ maker: 1, model: 1 }, { unique: true, name: "uq_maker_model" })
----->
uq_maker_model

===== [mongos_setup] shard_collection
sh.shardCollection("QLThietBi.products", { maker: 1, model: 1 }, true)
----->
{
  collectionsharded: 'QLThietBi.products',
  ok: 1,
  '$clusterTime': {
    clusterTime: Timestamp({ t: 1791185740, i: 49 }),
    signature: {
      hash: Binary.createFromBase64('AAAAAAAAAAAAAAAAAAAAAAAAAAA=', 0),
      keyId: Long('0')
    }
  },
  operationTime: Timestamp({ t: 1791185740, i: 49 })
}

===== [mongos_setup] insert_products
db.products.insertMany([
  { maker: "A", model: 1001, type: "pc" },
  { maker: "A", model: 1002, type: "pc" },
  { maker: "A", model: 1003, type: "pc" },
  { maker: "A", model: 2004, type: "laptop", specs: { speed: 2.00, ram: 512,  hd: 60,  screen: 13.3 }, price: 1150 },
  { maker: "A", model: 2005, type: "laptop", specs: { speed: 2.16, ram: 1024, hd: 120, screen: 17.0 }, price: 2500 },
  { maker: "A", model: 2006, type: "laptop", specs: { speed: 2.00, ram: 2048, hd: 80,  screen: 15.4 }, price: 1700 },
  { maker: "B", model: 1004, type: "pc" },
  { maker: "B", model: 1005, type: "pc" },
  { maker: "B", model: 1006, type: "pc" },
  { maker: "B", model: 2007, type: "laptop", specs: { speed: 1.83, ram: 1024, hd: 120, screen: 13.3 }, price: 1429 },
  { maker: "C", model: 1007, type: "pc" },
  { maker: "D", model: 1008, type: "pc" },
  { maker: "D", model: 1009, type: "pc" },
  { maker: "D", model: 1010, type: "pc" },
  { maker: "D", model: 3004, type: "printer", specs: { color: true,  type: "ink-jet" }, price: 120 },
  { maker: "D", model: 3005, type: "printer", specs: { color: false, type: "laser" },   price: 120 },
  { maker: "E", model: 1011, type: "pc" },
  { maker: "E", model: 1012, type: "pc" },
  { maker: "E", model: 1013, type: "pc" },
  { maker: "E", model: 2001, type: "laptop", specs: { speed: 2.00, ram: 2048, hd: 240, screen: 20.1 }, price: 3673 },
  { maker: "E", model: 2002, type: "laptop", specs: { speed: 1.73, ram: 1024, hd: 80,  screen: 17.0 }, price: 949 },
  { maker: "E", model: 2003, type: "laptop", specs: { speed: 1.80, ram: 512,  hd: 60,  screen: 15.4 }, price: 549 },
  { maker: "E", model: 3001, type: "printer", specs: { color: true,  type: "ink-jet" }, price: 99 },
  { maker: "E", model: 3002, type: "printer", specs: { color: false, type: "laser" },   price: 239 },
  { maker: "E", model: 3003, type: "printer", specs: { color: true,  type: "laser" },   price: 899 },
  { maker: "F", model: 2008, type: "laptop", specs: { speed: 1.60, ram: 1024, hd: 100, screen: 15.4 }, price: 900 },
  { maker: "F", model: 2009, type: "laptop", specs: { speed: 1.60, ram: 512,  hd: 80,  screen: 14.1 }, price: 680 },
  { maker: "G", model: 2010, type: "laptop", specs: { speed: 2.00, ram: 2048, hd: 160, screen: 15.4 }, price: 2300 },
  { maker: "H", model: 3006, type: "printer", specs: { color: true,  type: "ink-jet" }, price: 100 },
  { maker: "H", model: 3007, type: "printer", specs: { color: true,  type: "laser" },   price: 200 }
])
----->
{
  acknowledged: true,
  insertedIds: {
    '0': ObjectId('6ac3534c7d97f77dcd702a54'),
    '1': ObjectId('6ac3534c7d97f77dcd702a55'),
    '2': ObjectId('6ac3534c7d97f77dcd702a56'),
    '3': ObjectId('6ac3534c7d97f77dcd702a57'),
    '4': ObjectId('6ac3534c7d97f77dcd702a58'),
    '5': ObjectId('6ac3534c7d97f77dcd702a59'),
    '6': ObjectId('6ac3534c7d97f77dcd702a5a'),
    '7': ObjectId('6ac3534c7d97f77dcd702a5b'),
    '8': ObjectId('6ac3534c7d97f77dcd702a5c'),
    '9': ObjectId('6ac3534c7d97f77dcd702a5d'),
    '10': ObjectId('6ac3534c7d97f77dcd702a5e'),
    '11': ObjectId('6ac3534c7d97f77dcd702a5f'),
    '12': ObjectId('6ac3534c7d97f77dcd702a60'),
    '13': ObjectId('6ac3534c7d97f77dcd702a61'),
    '14': ObjectId('6ac3534c7d97f77dcd702a62'),
    '15': ObjectId('6ac3534c7d97f77dcd702a63'),
    '16': ObjectId('6ac3534c7d97f77dcd702a64'),
    '17': ObjectId('6ac3534c7d97f77dcd702a65'),
    '18': ObjectId('6ac3534c7d97f77dcd702a66'),
    '19': ObjectId('6ac3534c7d97f77dcd702a67'),
    '20': ObjectId('6ac3534c7d97f77dcd702a68'),
    '21': ObjectId('6ac3534c7d97f77dcd702a69'),
    '22': ObjectId('6ac3534c7d97f77dcd702a6a'),
    '23': ObjectId('6ac3534c7d97f77dcd702a6b'),
    '24': ObjectId('6ac3534c7d97f77dcd702a6c'),
    '25': ObjectId('6ac3534c7d97f77dcd702a6d'),
    '26': ObjectId('6ac3534c7d97f77dcd702a6e'),
    '27': ObjectId('6ac3534c7d97f77dcd702a6f'),
    '28': ObjectId('6ac3534c7d97f77dcd702a70'),
    '29': ObjectId('6ac3534c7d97f77dcd702a71')
  }
}

===== [mongos_setup] build_makers
db.products.aggregate([
  { $sort: { model: 1 } },
  { $group: { _id: "$maker", products: { $push: { model: "$model", type: "$type" } } } },
  { $sort: { _id: 1 } },
  { $out: "makers" }
])
----->


===== [mongos_setup] counts
({ products: db.products.countDocuments(), makers: db.makers.countDocuments() })
----->
{ products: 30, makers: 8 }

===== [mongos_setup] verify_sum
db.products.aggregate([
  { $group: { _id: "$type", soLuong: { $sum: 1 }, tongGia: { $sum: "$price" } } },
  { $sort: { _id: 1 } }
])
----->
[
  { _id: 'laptop', soLuong: 10, tongGia: 15830 },
  { _id: 'pc', soLuong: 13, tongGia: 0 },
  { _id: 'printer', soLuong: 7, tongGia: 1777 }
]

===== [mongos_check] _wait_balancer
sleep(5000)
----->


===== [mongos_check] shard_distribution
db.products.getShardDistribution()
----->
Shard shard2rs at shard2rs/shard2a:27018,shard2b:27018,shard2c:27018
{
  data: '1KiB',
  docs: 14,
  chunks: 1,
  'estimated data per chunk': '1KiB',
  'estimated docs per chunk': 14
}
---
Shard shard1rs at shard1rs/shard1a:27018,shard1b:27018,shard1c:27018
{
  data: '1KiB',
  docs: 16,
  chunks: 1,
  'estimated data per chunk': '1KiB',
  'estimated docs per chunk': 16
}
---
Totals
{
  data: '2KiB',
  docs: 30,
  chunks: 2,
  'Shard shard2rs': [
    '53.31 % data',
    '46.66 % docs in cluster',
    '109B avg obj size on shard'
  ],
  'Shard shard1rs': [
    '46.68 % data',
    '53.33 % docs in cluster',
    '83B avg obj size on shard'
  ]
}

===== [mongos_check] sharded_data_distribution
db.getSiblingDB("admin").aggregate([
  { $shardedDataDistribution: {} },
  { $match: { ns: "QLThietBi.products" } }
]).toArray()[0].shards
----->
[
  {
    shardName: 'shard1rs',
    numOrphanedDocs: 0,
    numOwnedDocuments: 16,
    ownedSizeBytes: 1328,
    orphanedSizeBytes: 0
  },
  {
    shardName: 'shard2rs',
    numOrphanedDocs: 0,
    numOwnedDocuments: 14,
    ownedSizeBytes: 1526,
    orphanedSizeBytes: 0
  }
]

===== [mongos_check] chunks
db.getSiblingDB("config").chunks.find(
  { uuid: db.getSiblingDB("config").collections.findOne({ _id: "QLThietBi.products" }).uuid },
  { _id: 0, min: 1, max: 1, shard: 1 }
).sort({ min: 1 })
----->
[
  {
    min: { maker: MinKey(), model: MinKey() },
    max: { maker: 'E', model: MinKey() },
    shard: 'shard1rs'
  },
  {
    min: { maker: 'E', model: MinKey() },
    max: { maker: MaxKey(), model: MaxKey() },
    shard: 'shard2rs'
  }
]

===== [mongos_check] zones_list
db.getSiblingDB("config").tags.find({}, { _id: 0, ns: 1, min: 1, max: 1, tag: 1 })
----->
[
  {
    ns: 'QLThietBi.products',
    min: { maker: MinKey(), model: MinKey() },
    max: { maker: 'E', model: MinKey() },
    tag: 'NSX_A_D'
  },
  {
    ns: 'QLThietBi.products',
    min: { maker: 'E', model: MinKey() },
    max: { maker: MaxKey(), model: MaxKey() },
    tag: 'NSX_E_H'
  }
]

===== [mongos_check] balancer_state
({ balancerEnabled: sh.getBalancerState(), balancerRunning: sh.isBalancerRunning().mode })
----->
{ balancerEnabled: true, balancerRunning: 'full' }

===== [mongos_check] makers_location
db.getSiblingDB("config").databases.findOne({ _id: "QLThietBi" }, { _id: 1, primary: 1 })
----->
{ _id: 'QLThietBi', primary: 'shard1rs' }

===== [mongos_check] sh_status
sh.status()
----->
shardingVersion
{ _id: 1, clusterId: ObjectId('6ac3533688efaacf1ae67c74') }
---
shards
[
  {
    _id: 'shard1rs',
    host: 'shard1rs/shard1a:27018,shard1b:27018,shard1c:27018',
    state: 1,
    topologyTime: Timestamp({ t: 1791185739, i: 10 }),
    replSetConfigVersion: Long('-1'),
    tags: [ 'NSX_A_D' ]
  },
  {
    _id: 'shard2rs',
    host: 'shard2rs/shard2a:27018,shard2b:27018,shard2c:27018',
    state: 1,
    topologyTime: Timestamp({ t: 1791185739, i: 28 }),
    replSetConfigVersion: Long('-1'),
    tags: [ 'NSX_E_H' ]
  }
]
---
active mongoses
[ { '8.0.32': 1 } ]
---
autosplit
{ 'Currently enabled': 'yes' }
---
balancer
{
  'Currently enabled': 'yes',
  'Currently running': 'no',
  'Failed balancer rounds in last 5 attempts': 0,
  'Migration Results for the last 24 hours': 'No recent migrations'
}
---
shardedDataDistribution
[
  {
    ns: 'QLThietBi.products',
    shards: [
      {
        shardName: 'shard1rs',
        numOrphanedDocs: 0,
        numOwnedDocuments: 16,
        ownedSizeBytes: 1328,
        orphanedSizeBytes: 0
      },
      {
        shardName: 'shard2rs',
        numOrphanedDocs: 0,
        numOwnedDocuments: 14,
        ownedSizeBytes: 1526,
        orphanedSizeBytes: 0
      }
    ]
  }
]
---
databases
[
  {
    database: { _id: 'config', primary: 'config', partitioned: true },
    collections: {}
  },
  {
    database: {
      _id: 'QLThietBi',
      primary: 'shard1rs',
      version: {
        uuid: UUID('7f1b7734-09cd-4df8-b22a-f03bf6dee5ab'),
        timestamp: Timestamp({ t: 1791185739, i: 45 }),
        lastMod: 1
      }
    },
    collections: {
      'QLThietBi.products': {
        shardKey: { maker: 1, model: 1 },
        unique: true,
        balancing: true,
        allowMigrations: true,
        chunkMetadata: [
          { shard: 'shard1rs', nChunks: 1 },
          { shard: 'shard2rs', nChunks: 1 }
        ],
        chunks: [
          { min: { maker: MinKey(), model: MinKey() }, max: { maker: 'E', model: MinKey() }, 'on shard': 'shard1rs', 'last modified': Timestamp({ t: 1, i: 0 }) },
          { min: { maker: 'E', model: MinKey() }, max: { maker: MaxKey(), model: MaxKey() }, 'on shard': 'shard2rs', 'last modified': Timestamp({ t: 1, i: 1 }) }
        ],
        tags: [
          {
            tag: 'NSX_A_D',
            min: { maker: MinKey(), model: MinKey() },
            max: { maker: 'E', model: MinKey() }
          },
          {
            tag: 'NSX_E_H',
            min: { maker: 'E', model: MinKey() },
            max: { maker: MaxKey(), model: MaxKey() }
          }
        ]
      }
    }
  }
]

===== [mongos_check] explain_maker_A
(e => ({
  stage: e.queryPlanner.winningPlan.stage,
  shards: e.queryPlanner.winningPlan.shards.map(s => ({ shard: s.shardName, plan: s.winningPlan.stage + " <- " + (s.winningPlan.inputStage ? s.winningPlan.inputStage.stage : "") })),
  nReturned: e.executionStats.nReturned
}))(db.products.find({ maker: "A" }).explain("executionStats"))
----->
{
  stage: 'SINGLE_SHARD',
  shards: [ { shard: 'shard1rs', plan: 'FETCH <- SHARDING_FILTER' } ],
  nReturned: 6
}

===== [mongos_check] explain_maker_model
(e => ({
  stage: e.queryPlanner.winningPlan.stage,
  shards: e.queryPlanner.winningPlan.shards.map(s => s.shardName),
  nReturned: e.executionStats.nReturned
}))(db.products.find({ maker: "E", model: 2001 }).explain("executionStats"))
----->
{ stage: 'SINGLE_SHARD', shards: [ 'shard2rs' ], nReturned: 1 }

===== [mongos_check] explain_type
(e => ({
  stage: e.queryPlanner.winningPlan.stage,
  shards: e.queryPlanner.winningPlan.shards.map(s => s.shardName),
  nReturned: e.executionStats.nReturned,
  nReturnedPerShard: e.executionStats.executionStages.shards.map(s => ({ shard: s.shardName, n: s.nReturned }))
}))(db.products.find({ type: "laptop" }).explain("executionStats"))
----->
{
  stage: 'SHARD_MERGE',
  shards: [ 'shard1rs', 'shard2rs' ],
  nReturned: 10,
  nReturnedPerShard: [ { shard: 'shard1rs', n: 4 }, { shard: 'shard2rs', n: 6 } ]
}

===== [mongos_check] explain_range
(e => ({
  stage: e.queryPlanner.winningPlan.stage,
  shards: e.queryPlanner.winningPlan.shards.map(s => s.shardName),
  nReturned: e.executionStats.nReturned
}))(db.products.find({ maker: { $in: ["F", "G", "H"] } }).explain("executionStats"))
----->
{ stage: 'SINGLE_SHARD', shards: [ 'shard2rs' ], nReturned: 5 }

===== [mongos_check] agg_via_mongos
db.products.aggregate([
  { $group: { _id: "$maker", soSanPham: { $sum: 1 } } },
  { $sort: { _id: 1 } }
])
----->
[
  { _id: 'A', soSanPham: 6 },
  { _id: 'B', soSanPham: 4 },
  { _id: 'C', soSanPham: 1 },
  { _id: 'D', soSanPham: 5 },
  { _id: 'E', soSanPham: 9 },
  { _id: 'F', soSanPham: 2 },
  { _id: 'G', soSanPham: 1 },
  { _id: 'H', soSanPham: 2 }
]

===== [shard1_a] s1a_role
(({ setName, me, isWritablePrimary }) => ({ setName, me, isWritablePrimary }))(db.hello())
----->
{ setName: 'shard1rs', me: 'shard1a:27018', isWritablePrimary: true }

===== [shard1_a] s1a_count
db.products.aggregate([{ $group: { _id: "$maker", n: { $sum: 1 } } }, { $sort: { _id: 1 } }]).toArray()
----->
[
  { _id: 'A', n: 6 },
  { _id: 'B', n: 4 },
  { _id: 'C', n: 1 },
  { _id: 'D', n: 5 }
]

===== [shard1_a] s1a_total
({ products: db.products.countDocuments(), makers: db.makers.countDocuments() })
----->
{ products: 16, makers: 8 }

===== [shard1_a] s1a_hash
db.runCommand({ dbHash: 1, collections: ["products", "makers"] }).collections
----->
{
  makers: 'd5370fd06a542c1d77000b1c90b07829',
  products: '379c70fa218153278358b59086730c30'
}

===== [shard1_b] s1b_role
(({ setName, me, isWritablePrimary, secondary }) => ({ setName, me, isWritablePrimary, secondary }))(db.hello())
----->
{
  setName: 'shard1rs',
  me: 'shard1b:27018',
  isWritablePrimary: false,
  secondary: true
}

===== [shard1_b] s1b_total
({ products: db.products.countDocuments(), makers: db.makers.countDocuments() })
----->
{ products: 16, makers: 8 }

===== [shard1_b] s1b_hash
db.runCommand({ dbHash: 1, collections: ["products", "makers"] }).collections
----->
{
  makers: 'd5370fd06a542c1d77000b1c90b07829',
  products: '379c70fa218153278358b59086730c30'
}

===== [shard1_c] s1c_total
({ products: db.products.countDocuments(), makers: db.makers.countDocuments() })
----->
{ products: 16, makers: 8 }

===== [shard1_c] s1c_hash
db.runCommand({ dbHash: 1, collections: ["products", "makers"] }).collections
----->
{
  makers: 'd5370fd06a542c1d77000b1c90b07829',
  products: '379c70fa218153278358b59086730c30'
}

===== [shard2_a] s2a_role
(({ setName, me, isWritablePrimary }) => ({ setName, me, isWritablePrimary }))(db.hello())
----->
{ setName: 'shard2rs', me: 'shard2a:27018', isWritablePrimary: true }

===== [shard2_a] s2a_count
db.products.aggregate([{ $group: { _id: "$maker", n: { $sum: 1 } } }, { $sort: { _id: 1 } }]).toArray()
----->
[
  { _id: 'E', n: 9 },
  { _id: 'F', n: 2 },
  { _id: 'G', n: 1 },
  { _id: 'H', n: 2 }
]

===== [shard2_a] s2a_total
({ products: db.products.countDocuments(), collections: db.getCollectionNames() })
----->
{ products: 14, collections: [ 'products' ] }

===== [shard2_a] s2a_hash
db.runCommand({ dbHash: 1, collections: ["products"] }).collections
----->
{ products: '883b1a69168aa73617dfbe9da74e85a8' }

===== [shard2_b] s2b_total
({ products: db.products.countDocuments() })
----->
{ products: 14 }

===== [shard2_b] s2b_hash
db.runCommand({ dbHash: 1, collections: ["products"] }).collections
----->
{ products: '883b1a69168aa73617dfbe9da74e85a8' }

===== [shard2_c] s2c_total
({ products: db.products.countDocuments() })
----->
{ products: 14 }

===== [shard2_c] s2c_hash
db.runCommand({ dbHash: 1, collections: ["products"] }).collections
----->
{ products: '883b1a69168aa73617dfbe9da74e85a8' }

===== [shell] stop_shard1a
docker stop shard1a && sleep 20 && docker ps -a --filter name=shard1a --format "{{.Names}}: {{.Status}}"
----->
shard1a
shard1a: Exited (137) 21 seconds ago

===== [mongos_ha] ha_count
({ tongSanPham: db.products.countDocuments(), sanPhamNSX_A: db.products.countDocuments({ maker: "A" }) })
----->
{ tongSanPham: 30, sanPhamNSX_A: 6 }

===== [mongos_ha] ha_write
db.products.updateOne({ maker: "A", model: 2004 }, { $set: { price: 1199 } })
----->
{
  acknowledged: true,
  insertedId: null,
  matchedCount: 1,
  modifiedCount: 1,
  upsertedCount: 0
}

===== [mongos_ha] ha_write_check
db.products.findOne({ maker: "A", model: 2004 }, { _id: 0, maker: 1, model: 1, price: 1 })
----->
{ maker: 'A', model: 2004, price: 1199 }

===== [mongos_ha] ha_write_revert
db.products.updateOne({ maker: "A", model: 2004 }, { $set: { price: 1150 } })
----->
{
  acknowledged: true,
  insertedId: null,
  matchedCount: 1,
  modifiedCount: 1,
  upsertedCount: 0
}

===== [shard1_status] ha_rs_status
rs.status().members.map(m => ({ name: m.name, stateStr: m.stateStr, health: m.health }))
----->
[
  {
    name: 'shard1a:27018',
    stateStr: '(not reachable/healthy)',
    health: 0
  },
  { name: 'shard1b:27018', stateStr: 'PRIMARY', health: 1 },
  { name: 'shard1c:27018', stateStr: 'SECONDARY', health: 1 }
]

===== [shell] start_shard1a
docker start shard1a && sleep 30 && docker ps --filter name=shard1a --format "{{.Names}}: {{.Status}}"
----->
shard1a
shard1a: Up 31 seconds

===== [shard1_status2] ha_rs_status2
rs.status().members.map(m => ({ name: m.name, stateStr: m.stateStr, health: m.health }))
----->
[
  { name: 'shard1a:27018', stateStr: 'PRIMARY', health: 1 },
  { name: 'shard1b:27018', stateStr: 'SECONDARY', health: 1 },
  { name: 'shard1c:27018', stateStr: 'SECONDARY', health: 1 }
]

===== [shard1_status2] ha_s1a_count
db.products.findOne({ maker: "A", model: 2004 }, { _id: 0, maker: 1, model: 1, price: 1 })
----->
{ maker: 'A', model: 2004, price: 1150 }

===== [mongos_hashed] hashed_shard
sh.shardCollection("QLThietBi.products_hashed", { model: "hashed" })
----->
{
  collectionsharded: 'QLThietBi.products_hashed',
  ok: 1,
  '$clusterTime': {
    clusterTime: Timestamp({ t: 1791185815, i: 49 }),
    signature: {
      hash: Binary.createFromBase64('AAAAAAAAAAAAAAAAAAAAAAAAAAA=', 0),
      keyId: Long('0')
    }
  },
  operationTime: Timestamp({ t: 1791185815, i: 49 })
}

===== [mongos_hashed] hashed_copy
db.products.aggregate([
  { $project: { _id: 0 } },
  { $merge: { into: "products_hashed" } }
])
----->


===== [mongos_hashed] hashed_distribution
db.getSiblingDB("admin").aggregate([
  { $shardedDataDistribution: {} },
  { $match: { ns: "QLThietBi.products_hashed" } }
]).toArray()[0].shards.map(s => ({ shardName: s.shardName, numOwnedDocuments: s.numOwnedDocuments }))
----->
[
  { shardName: 'shard1rs', numOwnedDocuments: 14 },
  { shardName: 'shard2rs', numOwnedDocuments: 16 }
]

===== [mongos_hashed] hashed_explain_maker
(e => ({
  stage: e.queryPlanner.winningPlan.stage,
  shards: e.queryPlanner.winningPlan.shards.map(s => s.shardName)
}))(db.products_hashed.find({ maker: "A" }).explain())
----->
{ stage: 'SHARD_MERGE', shards: [ 'shard1rs', 'shard2rs' ] }

===== [mongos_hashed] hashed_explain_model
(e => ({
  stage: e.queryPlanner.winningPlan.stage,
  shards: e.queryPlanner.winningPlan.shards.map(s => s.shardName)
}))(db.products_hashed.find({ model: 2001 }).explain())
----->
{ stage: 'SINGLE_SHARD', shards: [ 'shard1rs' ] }

===== [mongos_hashed] hashed_drop
db.products_hashed.drop()
----->
true

