 Container mongo1  Stopping
 Container mongo2  Stopping
 Container shard1b  Stopping
 Container mongos  Stopping
 Container shard1a  Stopping
 Container mongo3  Stopping
 Container shard2c  Stopping
 Container shard2b  Stopping
 Container shard2a  Stopping
 Container shard1c  Stopping
 Container mongo2  Stopped
 Container mongo2  Removing
 Container mongo2  Removed
 Container mongo1  Stopped
 Container mongo1  Removing
 Container shard2a  Stopped
 Container shard2a  Removing
 Container mongo1  Removed
 Container shard2a  Removed
 Container mongos  Stopped
 Container mongos  Removing
 Container mongos  Removed
 Container cfgsvr1  Stopping
 Container cfgsvr2  Stopping
 Container cfgsvr3  Stopping
 Container shard2b  Stopped
 Container shard2b  Removing
 Container shard1c  Stopped
 Container shard1c  Removing
 Container shard2b  Removed
 Container shard1c  Removed
 Container shard2c  Stopped
 Container shard2c  Removing
 Container mongo3  Stopped
 Container mongo3  Removing
 Container shard2c  Removed
 Container shard1b  Stopped
 Container shard1b  Removing
 Container mongo3  Removed
 Container shard1a  Stopped
 Container shard1a  Removing
 Container shard1b  Removed
 Container shard1a  Removed
 Container cfgsvr3  Stopped
 Container cfgsvr3  Removing
 Container cfgsvr3  Removed
 Container cfgsvr1  Stopped
 Container cfgsvr1  Removing
 Container cfgsvr2  Stopped
 Container cfgsvr2  Removing
 Container cfgsvr1  Removed
 Container cfgsvr2  Removed
 Network mongo-net  Removing
 Network mongo-net  Removed
 Network mongo-net  Creating
 Network mongo-net  Created
 Container mongo1  Creating
 Container cfgsvr1  Creating
 Container shard2c  Creating
 Container shard1c  Creating
 Container shard1b  Creating
 Container mongo3  Creating
 Container cfgsvr2  Creating
 Container cfgsvr3  Creating
 Container shard1a  Creating
 Container shard2a  Creating
 Container mongo2  Creating
 Container shard2b  Creating
 Container shard1c  Created
 Container mongo1  Created
 Container mongo2  Created
 Container mongo3  Created
 Container shard2b  Created
 Container cfgsvr2  Created
 Container shard1a  Created
 Container cfgsvr1  Created
 Container cfgsvr3  Created
 Container mongos  Creating
 Container shard1b  Created
 Container shard2a  Created
 Container shard2c  Created
 Container mongos  Created
 Container mongo3  Starting
 Container cfgsvr3  Starting
 Container shard1c  Starting
 Container mongo2  Starting
 Container shard1b  Starting
 Container cfgsvr2  Starting
 Container shard2b  Starting
 Container mongo1  Starting
 Container cfgsvr1  Starting
 Container shard1a  Starting
 Container shard2c  Starting
 Container shard2a  Starting
 Container cfgsvr2  Started
 Container shard2a  Started
 Container cfgsvr3  Started
 Container shard1c  Started
 Container mongo3  Started
 Container mongo2  Started
 Container shard2c  Started
 Container shard2b  Started
 Container shard1b  Started
 Container cfgsvr1  Started
 Container mongos  Starting
 Container mongo1  Started
 Container shard1a  Started
 Container mongos  Started
>>> scripts/01_init_rs0.js
>>> scripts/02_chuong1.js
>>> scripts/03_chuong2.js
>>> scripts/04_chuong3_replica.js
>>> scripts/05_chuong3_sharding.js
Hoàn tất. Xem kết quả trong results/
